TSFILE: C:/Users/admin/OneDrive/Desktop/Application/clinic-appointment-system/dist/app.service.js
TSFILE: C:/Users/admin/OneDrive/Desktop/Application/clinic-appointment-system/dist/app.service.js.map
TSFILE: C:/Users/admin/OneDrive/Desktop/Application/clinic-appointment-system/dist/app.service.d.ts
TSFILE: C:/Users/admin/OneDrive/Desktop/Application/clinic-appointment-system/dist/app.controller.js
TSFILE: C:/Users/admin/OneDrive/Desktop/Application/clinic-appointment-system/dist/app.controller.js.map
TSFILE: C:/Users/admin/OneDrive/Desktop/Application/clinic-appointment-system/dist/app.controller.d.ts
TSFILE: C:/Users/admin/OneDrive/Desktop/Application/clinic-appointment-system/dist/users/entities/user.entity.js
TSFILE: C:/Users/admin/OneDrive/Desktop/Application/clinic-appointment-system/dist/users/entities/user.entity.js.map
TSFILE: C:/Users/admin/OneDrive/Desktop/Application/clinic-appointment-system/dist/users/entities/user.entity.d.ts
TSFILE: C:/Users/admin/OneDrive/Desktop/Application/clinic-appointment-system/dist/users/users.service.js
TSFILE: C:/Users/admin/OneDrive/Desktop/Application/clinic-appointment-system/dist/users/users.service.js.map
TSFILE: C:/Users/admin/OneDrive/Desktop/Application/clinic-appointment-system/dist/users/users.service.d.ts
TSFILE: C:/Users/admin/OneDrive/Desktop/Application/clinic-appointment-system/dist/users/users.controller.js
TSFILE: C:/Users/admin/OneDrive/Desktop/Application/clinic-appointment-system/dist/users/users.controller.js.map
TSFILE: C:/Users/admin/OneDrive/Desktop/Application/clinic-appointment-system/dist/users/users.controller.d.ts
TSFILE: C:/Users/admin/OneDrive/Desktop/Application/clinic-appointment-system/dist/users/users.module.js
TSFILE: C:/Users/admin/OneDrive/Desktop/Application/clinic-appointment-system/dist/users/users.module.js.map
TSFILE: C:/Users/admin/OneDrive/Desktop/Application/clinic-appointment-system/dist/users/users.module.d.ts
TSFILE: C:/Users/admin/OneDrive/Desktop/Application/clinic-appointment-system/dist/doctors/entities/doctor.entity.js
TSFILE: C:/Users/admin/OneDrive/Desktop/Application/clinic-appointment-system/dist/doctors/entities/doctor.entity.js.map
TSFILE: C:/Users/admin/OneDrive/Desktop/Application/clinic-appointment-system/dist/doctors/entities/doctor.entity.d.ts
TSFILE: C:/Users/admin/OneDrive/Desktop/Application/clinic-appointment-system/dist/doctors/doctors.service.js
TSFILE: C:/Users/admin/OneDrive/Desktop/Application/clinic-appointment-system/dist/doctors/doctors.service.js.map
TSFILE: C:/Users/admin/OneDrive/Desktop/Application/clinic-appointment-system/dist/doctors/doctors.service.d.ts
TSFILE: C:/Users/admin/OneDrive/Desktop/Application/clinic-appointment-system/dist/doctors/doctors.controller.js
TSFILE: C:/Users/admin/OneDrive/Desktop/Application/clinic-appointment-system/dist/doctors/doctors.controller.js.map
TSFILE: C:/Users/admin/OneDrive/Desktop/Application/clinic-appointment-system/dist/doctors/doctors.controller.d.ts
TSFILE: C:/Users/admin/OneDrive/Desktop/Application/clinic-appointment-system/dist/doctors/doctors.module.js
TSFILE: C:/Users/admin/OneDrive/Desktop/Application/clinic-appointment-system/dist/doctors/doctors.module.js.map
TSFILE: C:/Users/admin/OneDrive/Desktop/Application/clinic-appointment-system/dist/doctors/doctors.module.d.ts
TSFILE: C:/Users/admin/OneDrive/Desktop/Application/clinic-appointment-system/dist/appointments/entities/appointment.entity.js
TSFILE: C:/Users/admin/OneDrive/Desktop/Application/clinic-appointment-system/dist/appointments/entities/appointment.entity.js.map
TSFILE: C:/Users/admin/OneDrive/Desktop/Application/clinic-appointment-system/dist/appointments/entities/appointment.entity.d.ts
TSFILE: C:/Users/admin/OneDrive/Desktop/Application/clinic-appointment-system/dist/appointments/appointments.service.js
TSFILE: C:/Users/admin/OneDrive/Desktop/Application/clinic-appointment-system/dist/appointments/appointments.service.js.map
TSFILE: C:/Users/admin/OneDrive/Desktop/Application/clinic-appointment-system/dist/appointments/appointments.service.d.ts
TSFILE: C:/Users/admin/OneDrive/Desktop/Application/clinic-appointment-system/dist/auth/jwt-auth.guard.js
TSFILE: C:/Users/admin/OneDrive/Desktop/Application/clinic-appointment-system/dist/auth/jwt-auth.guard.js.map
TSFILE: C:/Users/admin/OneDrive/Desktop/Application/clinic-appointment-system/dist/auth/jwt-auth.guard.d.ts
TSFILE: C:/Users/admin/OneDrive/Desktop/Application/clinic-appointment-system/dist/appointments/appointments.controller.js
TSFILE: C:/Users/admin/OneDrive/Desktop/Application/clinic-appointment-system/dist/appointments/appointments.controller.js.map
TSFILE: C:/Users/admin/OneDrive/Desktop/Application/clinic-appointment-system/dist/appointments/appointments.controller.d.ts
TSFILE: C:/Users/admin/OneDrive/Desktop/Application/clinic-appointment-system/dist/appointments/appointments.module.js
TSFILE: C:/Users/admin/OneDrive/Desktop/Application/clinic-appointment-system/dist/appointments/appointments.module.js.map
TSFILE: C:/Users/admin/OneDrive/Desktop/Application/clinic-appointment-system/dist/appointments/appointments.module.d.ts
TSFILE: C:/Users/admin/OneDrive/Desktop/Application/clinic-appointment-system/dist/auth/auth.service.js
TSFILE: C:/Users/admin/OneDrive/Desktop/Application/clinic-appointment-system/dist/auth/auth.service.js.map
TSFILE: C:/Users/admin/OneDrive/Desktop/Application/clinic-appointment-system/dist/auth/auth.service.d.ts
TSFILE: C:/Users/admin/OneDrive/Desktop/Application/clinic-appointment-system/dist/auth/auth.controller.js
TSFILE: C:/Users/admin/OneDrive/Desktop/Application/clinic-appointment-system/dist/auth/auth.controller.js.map
TSFILE: C:/Users/admin/OneDrive/Desktop/Application/clinic-appointment-system/dist/auth/auth.controller.d.ts
TSFILE: C:/Users/admin/OneDrive/Desktop/Application/clinic-appointment-system/dist/auth/jwt.strategy.js
TSFILE: C:/Users/admin/OneDrive/Desktop/Application/clinic-appointment-system/dist/auth/jwt.strategy.js.map
TSFILE: C:/Users/admin/OneDrive/Desktop/Application/clinic-appointment-system/dist/auth/jwt.strategy.d.ts
TSFILE: C:/Users/admin/OneDrive/Desktop/Application/clinic-appointment-system/dist/auth/auth.module.js
TSFILE: C:/Users/admin/OneDrive/Desktop/Application/clinic-appointment-system/dist/auth/auth.module.js.map
TSFILE: C:/Users/admin/OneDrive/Desktop/Application/clinic-appointment-system/dist/auth/auth.module.d.ts
TSFILE: C:/Users/admin/OneDrive/Desktop/Application/clinic-appointment-system/dist/app.module.js
TSFILE: C:/Users/admin/OneDrive/Desktop/Application/clinic-appointment-system/dist/app.module.js.map
TSFILE: C:/Users/admin/OneDrive/Desktop/Application/clinic-appointment-system/dist/app.module.d.ts
TSFILE: C:/Users/admin/OneDrive/Desktop/Application/clinic-appointment-system/dist/main.js
TSFILE: C:/Users/admin/OneDrive/Desktop/Application/clinic-appointment-system/dist/main.js.map
TSFILE: C:/Users/admin/OneDrive/Desktop/Application/clinic-appointment-system/dist/main.d.ts
TSFILE: C:/Users/admin/OneDrive/Desktop/Application/clinic-appointment-system/tsconfig.build.tsbuildinfo
